[36m╔======================================================================╗
[0m[36m║                                                                      ║
[0m[36m║ [0m[35m     ██╗   ██╗███╗   ██╗██╗████████╗███████╗███████╗████████╗       [0m[36m ║
[0m[36m║ [0m[35m     ██║   ██║████╗  ██║██║╚══██╔══╝██╔════╝██╔════╝╚══██╔══╝       [0m[36m ║
[0m[36m║ [0m[35m     ██║   ██║██╔██╗ ██║██║   ██║   █████╗  ███████╗   ██║          [0m[36m ║
[0m[36m║ [0m[35m     ██║   ██║██║╚██╗██║██║   ██║   ██╔══╝  ╚════██║   ██║          [0m[36m ║
[0m[36m║ [0m[35m     ╚██████╔╝██║ ╚████║██║   ██║   ███████╗███████║   ██║          [0m[36m ║
[0m[36m║ [0m[35m      ╚═════╝ ╚═╝  ╚═══╝╚═╝   ╚═╝   ╚══════╝╚══════╝   ╚═╝          [0m[36m ║
[0m[36m║                                                                      ║
[0m[36m║[0m[34;1m                C++ Unit Testing Framework v1.0.0                [0m[36m     ║
[0m[36m║[0m[37m              Fast, Reliable, and Developer-Friendly              [0m[36m    ║
[0m[36m║                                                                      ║
[0m[36m║[0m[32m  Number of tests: 4                                                  [0m[36m║
[0m[36m║[0m[32m  Verbose mode: enabled                                               [0m[36m║
[0m[36m║[0m[32m  Colors: enabled                                                     [0m[36m║
[0m[36m║[0m[32m  Progress bar: disabled                                              [0m[36m║
[0m[36m║                                                                      ║
[0m[36m║[0m[90m               Session started: 2026-04-05 16:52:48               [0m[36m    ║
[0m[36m║                                                                      ║
[0m[36m╚======================================================================╝
[0m
[32;1m✓ [0mTP6_AdaptiveThreshold                         [[32mOK[0m]  1/1 assertions  (< 1ms)
[32m  ✓ [0m1 assertion(s) réussie(s)[90m (moy: < 1ms/assert)[0m
[32;1m✓ [0mTP6_GrayscaleConversion                       [[32mOK[0m]  2/2 assertions  (< 1ms)
[32m  ✓ [0m2 assertion(s) réussie(s)[90m (moy: < 1ms/assert)[0m
[32;1m✓ [0mTP6_ImageCreation                             [[32mOK[0m]  3/3 assertions  (< 1ms)
[32m  ✓ [0m3 assertion(s) réussie(s)[90m (moy: < 1ms/assert)[0m
[32;1m✓ [0mTP6_IntegralImage                             [[32mOK[0m]  3/3 assertions  (< 1ms)
[32m  ✓ [0m3 assertion(s) réussie(s)[90m (moy: < 1ms/assert)[0m


[36m┌────────────────────── RÉSULTATS DES TESTS ──────────────────────┐
[0m[36m│ [0m[32;1mSUCCÈS[0m                                             [36m             │
[0m[36m├─────────────────────────────────────────────────────────────────┤
[0m[36m│ Tests :      [0m[32m4[0m réussis, 4 au total          [36m│
[0m[36m│ Assertions : [0m[32m9[0m réussies, 9 au total         [36m│
[0m[36m│ Taux succès : [0mTests: 100.0%, Assertions: 100.0%        [36m│
[0m[36m│ Temps total : [0m< 1ms (< 1ms/test)     [36m│
[0m[36m└──────────────────────────────────────────────────────────────┘
[0m
[32;1m✅ Tous les tests sont réussis !
[0m

╔══════════════════════════════════════════════════════════════════╗
║                                                                  ║
║                ██╗███████╗███╗   ██╗ ██████╗  █████╗             ║
║                ██║██╔════╝████╗  ██║██╔════╝ ██╔══██╗            ║
║                ██║█████╗  ██╔██╗ ██║██║  ███╗███████║            ║
║           ██   ██║██╔══╝  ██║╚██╗██║██║   ██║██╔══██║            ║
║           ╚█████╔╝███████╗██║ ╚████║╚██████╔╝██║  ██║            ║
║            ╚════╝ ╚══════╝╚═╝  ╚═══╝ ╚═════╝ ╚═╝  ╚═╝            ║
║                                                                  ║
║             Multi-platform C/C++ Build System v2.0.1             ║
║                                                                  ║
╚══════════════════════════════════════════════════════════════════╝

Building TP6_Tests...
Loading workspace...

Configuration: Debug
Target:        Linux x86_64
Toolchain:     host-gcc

Build Order (3 projects):
  1. __Unitest__ [STATIC_LIB] → 
  2. TP6 [CONSOLE_APP] → 
  3. TP6_Tests [TEST_SUITE] (depends: TP6, __Unitest__)


╔══════════════════════════════════════════════════════════════════════════════════════════════╗
║  Project: __Unitest__                                                      Kind: STATIC_LIB  ║
╚══════════════════════════════════════════════════════════════════════════════════════════════╝

ℹ Found 11 source file(s)
✓ All files up to date
ℹ Linking...
✓ Built: Build/Lib/Debug-Linux/__Unitest__/Unitest.a

┌──────────────────────────────────────────────────────────────────────────────────────────────┐
│  ✓ Build Successful                                                             Time: 0.07s  │
└──────────────────────────────────────────────────────────────────────────────────────────────┘

╔══════════════════════════════════════════════════════════════════════════════════════════════╗
║  Project: TP6                                                             Kind: CONSOLE_APP  ║
╚══════════════════════════════════════════════════════════════════════════════════════════════╝

ℹ Found 1 source file(s)
✓ All files up to date
ℹ Linking...
✓ Built: Build/Bin/Debug/TP6

┌──────────────────────────────────────────────────────────────────────────────────────────────┐
│  ✓ Build Successful                                                             Time: 0.14s  │
└──────────────────────────────────────────────────────────────────────────────────────────────┘

╔══════════════════════════════════════════════════════════════════════════════════════════════╗
║  Project: TP6_Tests                                                        Kind: TEST_SUITE  ║
╚══════════════════════════════════════════════════════════════════════════════════════════════╝

ℹ Found 2 source file(s)
✓ All files up to date
ℹ Linking...
✓ Built: Build/Tests/Debug-Linux/TP6_Tests

┌──────────────────────────────────────────────────────────────────────────────────────────────┐
│  ✓ Build Successful                                                             Time: 0.10s  │
└──────────────────────────────────────────────────────────────────────────────────────────────┘

════════════════════════════════════════════════════════════════════════════════
                                BUILD COMPLETED                                 
════════════════════════════════════════════════════════════════════════════════
Projects Built:  3/3
Time:           0.30s
Status:         ✓ SUCCESS
════════════════════════════════════════════════════════════════════════════════


Running tests for TP6_Tests...
All tests passed for TP6_Tests.
